{"key": "processing.docOrgMatching.affiliationBased.docOrgReference", "type":"COUNTER", "value": "7"}
{"key": "processing.docOrgMatching.affiliationBased.doc", "type":"COUNTER", "value": "5"}