{"key": "processing.docOrgMatching.projectBased.docOrgReference", "type":"COUNTER", "value": "4"}
{"key": "processing.docOrgMatching.projectBased.doc", "type":"COUNTER", "value": "3"}