{"key":"processing.documentClassification.doc", "type":"COUNTER", "value": "20"}
{"key":"processing.documentClassification.docClassReference.arxiv", "type":"COUNTER", "value": "10"}
{"key":"processing.documentClassification.docClassReference.wos", "type":"COUNTER", "value": "0"}
{"key":"processing.documentClassification.docClassReference.ddc", "type":"COUNTER", "value": "0"}
{"key":"processing.documentClassification.docClassReference.meshEuroPmc", "type":"COUNTER", "value": "3"}
{"key":"processing.documentClassification.docClassReference.acm", "type":"COUNTER", "value": "21"}