{"key": "processing.docOrgMatching.deduped.docOrgReference", "type":"COUNTER", "value": "4"}
{"key": "processing.docOrgMatching.deduped.doc", "type":"COUNTER", "value": "3"}