{"key": "processing.citationMatching.direct.citDocReference", "type":"COUNTER", "value": "5"}
{"key": "processing.citationMatching.direct.doc", "type":"COUNTER", "value": "2"}