{"documentId":"50|dedup_wf_001::df2a4cc7d353e64b72f1aeabfdba7de6", "affiliationPosition":1, "organizationId":"20|dedup_wf_001::404006473b40328c898d2964d0667eb7"}
{"documentId":"50|dedup_wf_001::df2a4cc7d353e64b72f1aeabfdba7de6", "affiliationPosition":4, "organizationId":"20|dedup_wf_001::f2323f9ed70f0f3a93fdfbb92f715e0e"}
{"documentId":"50|dedup_wf_001::a345c31b81c20d8c38c8caa6be5bdc22", "affiliationPosition":1, "organizationId":"20|dedup_wf_001::9634dcd763d51b052a8c68f2b7f1747b"}
{"documentId":"50|dedup_wf_001::a345c31b81c20d8c38c8caa6be5bdc22", "affiliationPosition":2, "organizationId":"20|dedup_wf_001::f2323f9ed70f0f3a93fdfbb92f715e0e"}
{"documentId":"50|dedup_wf_001::e76e79d738f74f5e510244e82257e709", "affiliationPosition":3, "organizationId":"20|dedup_wf_001::b9c7f9bac4299da0cdd4725262eb8a41"}
{"documentId":"50|dedup_wf_001::e76e79d738f74f5e510244e82257e709", "affiliationPosition":4, "organizationId":"20|dedup_wf_001::02ac75af9332f7931d1bc8671a011210"}
{"documentId":"50|dedup_wf_001::ddd8526013651691d77c5e9b2491fd0f", "affiliationPosition":1, "organizationId":"20|dedup_wf_001::87cd8feb4dc3a8c6bbd1cc7eebfaa255"}
{"documentId":"50|dedup_wf_001::ddd8526013651691d77c5e9b2491fd0f", "affiliationPosition":3, "organizationId":"20|dedup_wf_001::87cd8feb4dc3a8c6bbd1cc7eebfaa255"}
{"documentId":"50|dedup_wf_001::71bc165f8dfa32c1f8ee876482ae8c54", "affiliationPosition":1, "organizationId":"20|dedup_wf_001::f0087eae558f002de439331f66cfdef2"}
{"documentId":"50|dedup_wf_001::a13db635a97d0ee9d5f79757e8b1ada1", "affiliationPosition":1, "organizationId":"20|dedup_wf_001::8d945e32b0ff26e727676173f5104244"}
{"documentId":"50|dedup_wf_001::a13db635a97d0ee9d5f79757e8b1ada1", "affiliationPosition":3, "organizationId":"20|dedup_wf_001::c132b8125fddf3ecf9d8b5a72ed4c991"}
{"documentId":"50|dedup_wf_001::a13db635a97d0ee9d5f79757e8b1ada1", "affiliationPosition":4, "organizationId":"20|corda_______::ce41a161f48cd7382fe0d53accf3036c"}
{"documentId":"50|dedup_wf_001::a13db635a97d0ee9d5f79757e8b1ada1", "affiliationPosition":5, "organizationId":"20|dedup_wf_001::277106d1538a3240e3814ebf88471027"}
{"documentId":"50|dedup_wf_001::c7e4d3a12e143e05691016bd5b1f162b", "affiliationPosition":3, "organizationId":"20|dedup_wf_001::4c72eb3fc15393d92c156f822938f406"}
{"documentId":"50|dedup_wf_001::8fa82e4e0cb43301dbdbe69b3e2c0938", "affiliationPosition":4, "organizationId":"20|dedup_wf_001::b069f6a63da68755d5ece5f9e289169c"}
{"documentId":"50|dedup_wf_001::9b3988c71ce4317968c474176aa0753d", "affiliationPosition":1, "organizationId":"20|dedup_wf_001::037f409ee87c2f0ec5f0a7c673fb7512"}
{"documentId":"50|od_________7::bcb26be73120bda898e0bf44f325e719", "affiliationPosition":5, "organizationId":"20|dedup_wf_001::354d88daaa61069d72f4ed74a9809611"}
{"documentId":"50|od_________7::bcb26be73120bda898e0bf44f325e719", "affiliationPosition":6, "organizationId":"20|dedup_wf_001::7bf251ac3765b5e89d82270a1763d09f"}
{"documentId":"50|dedup_wf_001::f8492f79afc595759d2899cc064a63cd", "affiliationPosition":1, "organizationId":"20|corda_______::9a42daa3bbf8a4fc7b8ca8f572b24ad3"}
{"documentId":"50|dedup_wf_001::f8492f79afc595759d2899cc064a63cd", "affiliationPosition":3, "organizationId":"20|corda_______::16fd4fe7af68b621cec205cd341252c2"}
{"documentId":"50|dedup_wf_001::f8492f79afc595759d2899cc064a63cd", "affiliationPosition":6, "organizationId":"20|dedup_wf_001::eeb555edd9e39a84a016fd365ea25ed8"}
{"documentId":"50|dedup_wf_001::f8492f79afc595759d2899cc064a63cd", "affiliationPosition":8, "organizationId":"20|dedup_wf_001::5eb3412b03d5653fea3727d910f5e82d"}
{"documentId":"50|dedup_wf_001::e822b33621918ef03d61d26ae6fed2e9", "affiliationPosition":1, "organizationId":"20|dedup_wf_001::bd1e5b149beab30b0b6fa8332b7edea9"}
{"documentId":"50|dedup_wf_001::860cd51e7e7dedc8323d8866ea657090", "affiliationPosition":3, "organizationId":"20|dedup_wf_001::72517ac1f7974a1557cabb42be264d16"}
{"documentId":"50|dedup_wf_001::860cd51e7e7dedc8323d8866ea657090", "affiliationPosition":4, "organizationId":"20|dedup_wf_001::72517ac1f7974a1557cabb42be264d16"}
