{"key":"uniondedup.report.key", "type":"COUNTER", "value": "5"}